
case: [32m2025-SOHIP-RRM-00.256x2-eq-ind-v1.2023-06-19.09.NN_420[0m

  creating path data...
    path_len_km  : 2000
    path_spc_km  : 2
    path_npts    : 1003
    path_lat     : -14.89  -    0.96
    path_lon     :  80.30  -   89.04

  [33m/pscratch/sd/w/whannah/scream_scratch/pm-gpu/2025-SOHIP-RRM-00.256x2-eq-ind-v1.2023-06-19.09.NN_420/data_reduced/output.scream.3D.10min.INSTANT.nmins_x10.2023-06-19-68400.reduced.nc[0m
  [33m/pscratch/sd/w/whannah/scream_scratch/pm-gpu/2025-SOHIP-RRM-00.256x2-eq-ind-v1.2023-06-19.09.NN_420/data_reduced/output.scream.3D.10min.INSTANT.nmins_x10.2023-06-19-75600.reduced.nc[0m
  [33m/pscratch/sd/w/whannah/scream_scratch/pm-gpu/2025-SOHIP-RRM-00.256x2-eq-ind-v1.2023-06-19.09.NN_420/data_reduced/output.scream.3D.10min.INSTANT.nmins_x10.2023-06-19-82800.reduced.nc[0m

  finding column indices for interpolation...

  var: [35mT_mid[0m
    interpolating to path...
    interpolating to height coordinate...

  var: [35mp_mid[0m
    interpolating to path...
    interpolating to height coordinate...

  var: [35mqv[0m
    interpolating to path...
    interpolating to height coordinate...

  var: [35mhoriz_winds_u[0m
    interpolating to path...
    interpolating to height coordinate...

  var: [35mhoriz_winds_v[0m
    interpolating to path...
    interpolating to height coordinate...

  var: [35momega[0m
    interpolating to path...
    interpolating to height coordinate...

  writing file...  => /global/cfs/cdirs/m4842/whannah/curtain_data/256x2-eq-ind-v1.2023-06-19_21_00.curtain.ncells_2.len_2000.spc_2.nc

case: [32m2025-SOHIP-RRM-00.256x2-eq-ind-v1.2023-06-21.02.NN_420[0m

  creating path data...
    path_len_km  : 2000
    path_spc_km  : 2
    path_npts    : 1003
    path_lat     : -10.94  -    4.86
    path_lon     :  71.54  -   80.33

  [33m/pscratch/sd/w/whannah/scream_scratch/pm-gpu/2025-SOHIP-RRM-00.256x2-eq-ind-v1.2023-06-21.02.NN_420/data_reduced/output.scream.3D.10min.INSTANT.nmins_x10.2023-06-21-64800.reduced.nc[0m
  [33m/pscratch/sd/w/whannah/scream_scratch/pm-gpu/2025-SOHIP-RRM-00.256x2-eq-ind-v1.2023-06-21.02.NN_420/data_reduced/output.scream.3D.10min.INSTANT.nmins_x10.2023-06-21-72000.reduced.nc[0m
  [33m/pscratch/sd/w/whannah/scream_scratch/pm-gpu/2025-SOHIP-RRM-00.256x2-eq-ind-v1.2023-06-21.02.NN_420/data_reduced/output.scream.3D.10min.INSTANT.nmins_x10.2023-06-21-79200.reduced.nc[0m

  finding column indices for interpolation...

  var: [35mT_mid[0m
    interpolating to path...
    interpolating to height coordinate...

  var: [35mp_mid[0m
    interpolating to path...
    interpolating to height coordinate...

  var: [35mqv[0m
    interpolating to path...
    interpolating to height coordinate...

  var: [35mhoriz_winds_u[0m
    interpolating to path...
    interpolating to height coordinate...

  var: [35mhoriz_winds_v[0m
    interpolating to path...
    interpolating to height coordinate...

  var: [35momega[0m
    interpolating to path...
    interpolating to height coordinate...

  writing file...  => /global/cfs/cdirs/m4842/whannah/curtain_data/256x2-eq-ind-v1.2023-06-21_21_00.curtain.ncells_2.len_2000.spc_2.nc

case: [32m2025-SOHIP-RRM-00.256x2-ptgnia-v1.2023-06-13.19[0m

  creating path data...
    path_len_km  : 2000
    path_spc_km  : 2
    path_npts    : 1003
    path_lat     : -51.50  -  -45.94
    path_lon     : -72.52  -  -46.50

  [33m/pscratch/sd/w/whannah/scream_scratch/pm-gpu/2025-SOHIP-RRM-00.256x2-ptgnia-v1.2023-06-13.19/data_reduced/output.scream.3D.10min.INSTANT.nmins_x10.2023-06-13-82800.reduced.nc[0m
  [33m/pscratch/sd/w/whannah/scream_scratch/pm-gpu/2025-SOHIP-RRM-00.256x2-ptgnia-v1.2023-06-13.19/data_reduced/output.scream.3D.10min.INSTANT.nmins_x10.2023-06-14-03600.reduced.nc[0m
  [33m/pscratch/sd/w/whannah/scream_scratch/pm-gpu/2025-SOHIP-RRM-00.256x2-ptgnia-v1.2023-06-13.19/data_reduced/output.scream.3D.10min.INSTANT.nmins_x10.2023-06-14-10800.reduced.nc[0m

  finding column indices for interpolation...

  var: [35mT_mid[0m
    interpolating to path...
    interpolating to height coordinate...

  var: [35mp_mid[0m
    interpolating to path...
    interpolating to height coordinate...

  var: [35mqv[0m
    interpolating to path...
    interpolating to height coordinate...

  var: [35mhoriz_winds_u[0m
    interpolating to path...
    interpolating to height coordinate...

  var: [35mhoriz_winds_v[0m
    interpolating to path...
    interpolating to height coordinate...

  var: [35momega[0m
    interpolating to path...
    interpolating to height coordinate...

  writing file...  => /global/cfs/cdirs/m4842/whannah/curtain_data/256x2-ptgnia-v1.2023-06-14_02_00.curtain.ncells_2.len_2000.spc_2.nc

case: [32m2025-SOHIP-RRM-00.256x2-sc-ind-v1.2023-06-21.09[0m

  creating path data...
    path_len_km  : 2000
    path_spc_km  : 2
    path_npts    : 1003
    path_lat     : -52.96  -  -50.33
    path_lon     :  53.07  -   81.84

  [33m/pscratch/sd/w/whannah/scream_scratch/pm-gpu/2025-SOHIP-RRM-00.256x2-sc-ind-v1.2023-06-21.09/data_reduced/output.scream.3D.10min.INSTANT.nmins_x10.2023-06-21-46800.reduced.nc[0m
  [33m/pscratch/sd/w/whannah/scream_scratch/pm-gpu/2025-SOHIP-RRM-00.256x2-sc-ind-v1.2023-06-21.09/data_reduced/output.scream.3D.10min.INSTANT.nmins_x10.2023-06-21-54000.reduced.nc[0m
  [33m/pscratch/sd/w/whannah/scream_scratch/pm-gpu/2025-SOHIP-RRM-00.256x2-sc-ind-v1.2023-06-21.09/data_reduced/output.scream.3D.10min.INSTANT.nmins_x10.2023-06-21-61200.reduced.nc[0m

  finding column indices for interpolation...

  var: [35mT_mid[0m
    interpolating to path...
    interpolating to height coordinate...

  var: [35mp_mid[0m
    interpolating to path...
    interpolating to height coordinate...

  var: [35mqv[0m
    interpolating to path...
    interpolating to height coordinate...

  var: [35mhoriz_winds_u[0m
    interpolating to path...
    interpolating to height coordinate...

  var: [35mhoriz_winds_v[0m
    interpolating to path...
    interpolating to height coordinate...

  var: [35momega[0m
    interpolating to path...
    interpolating to height coordinate...

  writing file...  => /global/cfs/cdirs/m4842/whannah/curtain_data/256x2-sc-ind-v1.2023-06-21_15_00.curtain.ncells_2.len_2000.spc_2.nc

case: [32m2025-SOHIP-RRM-00.256x2-sc-pac-v1.2023-06-14.15[0m

  creating path data...
    path_len_km  : 2000
    path_spc_km  : 2
    path_npts    : 1003
    path_lat     : -39.46  -  -29.33
    path_lon     : -145.22  -  -127.14

  [33m/pscratch/sd/w/whannah/scream_scratch/pm-gpu/2025-SOHIP-RRM-00.256x2-sc-pac-v1.2023-06-14.15/data_reduced/output.scream.3D.10min.INSTANT.nmins_x10.2023-06-15-03600.reduced.nc[0m
  [33m/pscratch/sd/w/whannah/scream_scratch/pm-gpu/2025-SOHIP-RRM-00.256x2-sc-pac-v1.2023-06-14.15/data_reduced/output.scream.3D.10min.INSTANT.nmins_x10.2023-06-15-10800.reduced.nc[0m
  [33m/pscratch/sd/w/whannah/scream_scratch/pm-gpu/2025-SOHIP-RRM-00.256x2-sc-pac-v1.2023-06-14.15/data_reduced/output.scream.3D.10min.INSTANT.nmins_x10.2023-06-15-18000.reduced.nc[0m

  finding column indices for interpolation...

  var: [35mT_mid[0m
    interpolating to path...
    interpolating to height coordinate...

  var: [35mp_mid[0m
    interpolating to path...
    interpolating to height coordinate...

  var: [35mqv[0m
    interpolating to path...
    interpolating to height coordinate...

  var: [35mhoriz_winds_u[0m
    interpolating to path...
    interpolating to height coordinate...

  var: [35mhoriz_winds_v[0m
    interpolating to path...
    interpolating to height coordinate...

  var: [35momega[0m
    interpolating to path...
    interpolating to height coordinate...

  writing file...  => /global/cfs/cdirs/m4842/whannah/curtain_data/256x2-sc-pac-v1.2023-06-15_04_00.curtain.ncells_2.len_2000.spc_2.nc

case: [32m2025-SOHIP-RRM-00.256x2-se-pac-v1.2023-06-12.16[0m

  creating path data...
    path_len_km  : 2000
    path_spc_km  : 2
    path_npts    : 1003
    path_lat     : -51.63  -  -46.09
    path_lon     : -106.77  -  -80.66

  [33m/pscratch/sd/w/whannah/scream_scratch/pm-gpu/2025-SOHIP-RRM-00.256x2-se-pac-v1.2023-06-12.16/data_reduced/output.scream.3D.10min.INSTANT.nmins_x10.2023-06-13-07200.reduced.nc[0m
  [33m/pscratch/sd/w/whannah/scream_scratch/pm-gpu/2025-SOHIP-RRM-00.256x2-se-pac-v1.2023-06-12.16/data_reduced/output.scream.3D.10min.INSTANT.nmins_x10.2023-06-13-14400.reduced.nc[0m
  [33m/pscratch/sd/w/whannah/scream_scratch/pm-gpu/2025-SOHIP-RRM-00.256x2-se-pac-v1.2023-06-12.16/data_reduced/output.scream.3D.10min.INSTANT.nmins_x10.2023-06-13-21600.reduced.nc[0m

  finding column indices for interpolation...

  var: [35mT_mid[0m
    interpolating to path...
    interpolating to height coordinate...

  var: [35mp_mid[0m
    interpolating to path...
    interpolating to height coordinate...

  var: [35mqv[0m
    interpolating to path...
    interpolating to height coordinate...

  var: [35mhoriz_winds_u[0m
    interpolating to path...
    interpolating to height coordinate...

  var: [35mhoriz_winds_v[0m
    interpolating to path...
    interpolating to height coordinate...

  var: [35momega[0m
    interpolating to path...
    interpolating to height coordinate...

  writing file...  => /global/cfs/cdirs/m4842/whannah/curtain_data/256x2-se-pac-v1.2023-06-13_04_00.curtain.ncells_2.len_2000.spc_2.nc

case: [32m2025-SOHIP-RRM-00.256x2-sw-ind-v1.2023-06-12.06[0m

  creating path data...
    path_len_km  : 2000
    path_spc_km  : 2
    path_npts    : 1003
    path_lat     : -51.63  -  -46.10
    path_lon     :  32.87  -   58.99

  [33m/pscratch/sd/w/whannah/scream_scratch/pm-gpu/2025-SOHIP-RRM-00.256x2-sw-ind-v1.2023-06-12.06/data_reduced/output.scream.3D.10min.INSTANT.nmins_x10.2023-06-12-57600.reduced.nc[0m
  [33m/pscratch/sd/w/whannah/scream_scratch/pm-gpu/2025-SOHIP-RRM-00.256x2-sw-ind-v1.2023-06-12.06/data_reduced/output.scream.3D.10min.INSTANT.nmins_x10.2023-06-12-64800.reduced.nc[0m
  [33m/pscratch/sd/w/whannah/scream_scratch/pm-gpu/2025-SOHIP-RRM-00.256x2-sw-ind-v1.2023-06-12.06/data_reduced/output.scream.3D.10min.INSTANT.nmins_x10.2023-06-12-72000.reduced.nc[0m

  finding column indices for interpolation...

  var: [35mT_mid[0m
    interpolating to path...
    interpolating to height coordinate...

  var: [35mp_mid[0m
    interpolating to path...
    interpolating to height coordinate...

  var: [35mqv[0m
    interpolating to path...
    interpolating to height coordinate...

  var: [35mhoriz_winds_u[0m
    interpolating to path...
    interpolating to height coordinate...

  var: [35mhoriz_winds_v[0m
    interpolating to path...
    interpolating to height coordinate...

  var: [35momega[0m
    interpolating to path...
    interpolating to height coordinate...

  writing file...  => /global/cfs/cdirs/m4842/whannah/curtain_data/256x2-sw-ind-v1.2023-06-12_19_00.curtain.ncells_2.len_2000.spc_2.nc
